package sort_only

import "time"

type TagAlignExampleSortOnlyKO struct {
    Foo    time.Time `gorm:"column:foo" json:"foo,omitempty" validate:"required" xml:"foo" yaml:"foo" zip:"foo"`                // want `gorm:"column:foo" json:"foo,omitempty" validate:"required" xml:"foo" yaml:"foo" zip:"foo"`
    FooBar struct{}  `gorm:"column:fooBar" json:"fooBar,omitempty" validate:"required" xml:"fooBar" yaml:"fooBar" zip:"fooBar"` // want `gorm:"column:fooBar" json:"fooBar,omitempty" validate:"required" xml:"fooBar" yaml:"fooBar" zip:"fooBar"`
}

type TagAlignExampleSortOnlyOK struct {
	Foo    time.Time `gorm:"column:foo" json:"foo,omitempty" validate:"required" xml:"foo" yaml:"foo" zip:"foo"`
	FooBar struct{}  `gorm:"column:fooBar" json:"fooBar,omitempty" validate:"required" xml:"fooBar" yaml:"fooBar" zip:"fooBar"`
}
